Test Run at 2026-01-19 18:45:38.630127

--- Testing login for test_user ---
ERROR: HTTPConnectionPool(host='72.62.150.207', port=5000): Max retries exceeded with url: /login (Caused by ConnectTimeoutError(<urllib3.connection.HTTPConnection object at 0x0000028904302900>, 'Connection to 72.62.150.207 timed out. (connect timeout=None)'))
Cannot proceed with module testing due to login failure.
